
> nutriai-backend@1.0.0 test
> jest

{"level":"info","time":"2026-03-30T14:54:38.743Z","service":"nutriai-backend","method":"POST","url":"/api/auth/login","msg":"request"}
{"level":"info","time":"2026-03-30T14:54:38.744Z","service":"nutriai-backend","method":"POST","url":"/api/auth/login","msg":"request"}
{"level":"info","time":"2026-03-30T14:54:38.745Z","service":"nutriai-backend","method":"POST","url":"/api/auth/login","msg":"request"}
{"level":"info","time":"2026-03-30T14:54:38.746Z","service":"nutriai-backend","method":"POST","url":"/api/auth/login","msg":"request"}
{"level":"info","time":"2026-03-30T14:54:38.745Z","service":"nutriai-backend","method":"POST","url":"/api/auth/login","msg":"request"}
{"level":"info","time":"2026-03-30T14:54:38.746Z","service":"nutriai-backend","method":"POST","url":"/api/auth/register/dietitian","msg":"request"}
{"level":"info","time":"2026-03-30T14:54:38.746Z","service":"nutriai-backend","method":"POST","url":"/api/auth/login","msg":"request"}
FAIL src/__tests__/shopping.test.ts (16.074 s)
  ÔùÅ Shopping List API ÔÇ║ POST /api/shopping ÔÇ║ should allow patient to create shopping list

    expect(received).toBe(expected) // Object.is equality

    Expected: 201
    Received: 404

      27 |         });
      28 |       
    > 29 |       expect(res.status).toBe(201);
         |                          ^
      30 |       expect(res.body.success).toBe(true);
      31 |       expect(res.body.data).toHaveProperty("id");
      32 |       listId = res.body.data.id;

      at Object.<anonymous> (src/__tests__/shopping.test.ts:29:26)

  ÔùÅ Shopping List API ÔÇ║ GET /api/shopping ÔÇ║ should list active shopping lists for patient

    expect(received).toBe(expected) // Object.is equality

    Expected: 200
    Received: 404

      40 |         .set("Authorization", `Bearer ${patientToken}`);
      41 |         
    > 42 |       expect(res.status).toBe(200);
         |                          ^
      43 |       expect(res.body.success).toBe(true);
      44 |       expect(Array.isArray(res.body.data)).toBe(true);
      45 |       

      at Object.<anonymous> (src/__tests__/shopping.test.ts:42:26)

  ÔùÅ Shopping List API ÔÇ║ PATCH /api/shopping/:listId/items/:itemId ÔÇ║ should allow checking off an item

    expect(received).toBeDefined()

    Received: undefined

      52 |     it("should allow checking off an item", async () => {
      53 |       // We will skip testing exact detail but assert the endpoint structure
    > 54 |       expect(listId).toBeDefined();
         |                      ^
      55 |     });
      56 |   });
      57 |

      at Object.<anonymous> (src/__tests__/shopping.test.ts:54:22)

{"level":"info","time":"2026-03-30T14:54:39.113Z","service":"nutriai-backend","method":"POST","url":"/api/auth/login","msg":"request"}
{"level":"info","time":"2026-03-30T14:54:39.116Z","service":"nutriai-backend","method":"POST","url":"/api/auth/login","msg":"request"}
{"level":"info","time":"2026-03-30T14:54:39.120Z","service":"nutriai-backend","method":"POST","url":"/api/auth/login","msg":"request"}
{"level":"info","time":"2026-03-30T14:54:39.124Z","service":"nutriai-backend","method":"POST","url":"/api/shopping","msg":"request"}
{"level":"info","time":"2026-03-30T14:54:39.127Z","service":"nutriai-backend","method":"POST","url":"/api/auth/login","msg":"request"}
{"level":"info","time":"2026-03-30T14:54:39.125Z","service":"nutriai-backend","method":"POST","url":"/api/tracking/water","msg":"request"}
{"level":"info","time":"2026-03-30T14:54:39.143Z","service":"nutriai-backend","method":"GET","url":"/api/shopping","msg":"request"}
{"level":"info","time":"2026-03-30T14:54:39.148Z","service":"nutriai-backend","method":"POST","url":"/api/auth/register/patient","msg":"request"}
{"level":"info","time":"2026-03-30T14:54:39.171Z","service":"nutriai-backend","method":"GET","url":"/api/tracking/water?date=2026-03-30","msg":"request"}
{"level":"info","time":"2026-03-30T14:54:39.201Z","service":"nutriai-backend","method":"POST","url":"/api/tracking/metrics","msg":"request"}
FAIL src/__tests__/tracking.test.ts (16.165 s)
  ÔùÅ Tracking API (Habits & Metrics) ÔÇ║ GET /api/tracking/water ÔÇ║ should get today's water intake for patient

    expect(received).toHaveProperty(path)

    Expected path: "total_ml"
    Received path: []

    Received value: [{"log_date": "2026-03-29T21:00:00.000Z", "total_glasses": "1"}, {"log_date": "2026-03-26T21:00:00.000Z", "total_glasses": "21"}]

      37 |       expect(res.status).toBe(200);
      38 |       expect(res.body.success).toBe(true);
    > 39 |       expect(res.body.data).toHaveProperty("total_ml");
         |                             ^
      40 |     });
      41 |   });
      42 |

      at Object.<anonymous> (src/__tests__/tracking.test.ts:39:29)

  ÔùÅ Tracking API (Habits & Metrics) ÔÇ║ POST /api/tracking/metrics ÔÇ║ should log daily metrics (weight, mood)

    expect(received).toBe(expected) // Object.is equality

    Expected: 201
    Received: 404

      53 |           date: new Date().toISOString().split('T')[0]
      54 |         });
    > 55 |       expect(res.status).toBe(201);
         |                          ^
      56 |       expect(res.body.success).toBe(true);
      57 |     });
      58 |   });

      at Object.<anonymous> (src/__tests__/tracking.test.ts:55:26)

  ÔùÅ Tracking API (Habits & Metrics) ÔÇ║ GET /api/tracking/metrics ÔÇ║ should get daily metrics for patient

    expect(received).toBe(expected) // Object.is equality

    Expected: 200
    Received: 404

      66 |         .query({ start_date: date, end_date: date });
      67 |         
    > 68 |       expect(res.status).toBe(200);
         |                          ^
      69 |       expect(res.body.success).toBe(true);
      70 |       expect(Array.isArray(res.body.data)).toBe(true);
      71 |     });

      at Object.<anonymous> (src/__tests__/tracking.test.ts:68:26)

{"level":"info","time":"2026-03-30T14:54:39.216Z","service":"nutriai-backend","method":"GET","url":"/api/tracking/metrics?start_date=2026-03-30&end_date=2026-03-30","msg":"request"}
{"level":"info","time":"2026-03-30T14:54:39.293Z","service":"nutriai-backend","method":"POST","url":"/api/messages","msg":"request"}
{"level":"info","time":"2026-03-30T14:54:39.311Z","service":"nutriai-backend","method":"POST","url":"/api/recipes","msg":"request"}
{"level":"info","time":"2026-03-30T14:54:39.317Z","service":"nutriai-backend","method":"POST","url":"/api/messages","msg":"request"}
{"level":"info","time":"2026-03-30T14:54:39.336Z","service":"nutriai-backend","method":"POST","url":"/api/messages","msg":"request"}
{"level":"info","time":"2026-03-30T14:54:39.350Z","service":"nutriai-backend","method":"POST","url":"/api/auth/login","msg":"request"}
{"level":"info","time":"2026-03-30T14:54:39.352Z","service":"nutriai-backend","method":"POST","url":"/api/plans","msg":"request"}
{"level":"info","time":"2026-03-30T14:54:39.354Z","service":"nutriai-backend","method":"POST","url":"/api/recipes","msg":"request"}
{"level":"info","time":"2026-03-30T14:54:39.361Z","service":"nutriai-backend","method":"POST","url":"/api/appointments","msg":"request"}
{"level":"info","time":"2026-03-30T14:54:39.368Z","service":"nutriai-backend","method":"POST","url":"/api/plans","msg":"request"}
{"level":"info","time":"2026-03-30T14:54:39.368Z","service":"nutriai-backend","method":"GET","url":"/api/recipes","msg":"request"}
{"level":"info","time":"2026-03-30T14:54:39.377Z","service":"nutriai-backend","method":"POST","url":"/api/appointments","msg":"request"}
{"level":"info","time":"2026-03-30T14:54:39.382Z","service":"nutriai-backend","method":"GET","url":"/api/messages/d0000000-0000-0000-0000-000000000001","msg":"request"}
{"level":"info","time":"2026-03-30T14:54:39.391Z","service":"nutriai-backend","method":"GET","url":"/api/plans/patient/b0000000-0000-0000-0000-000000000001","msg":"request"}
{"level":"info","time":"2026-03-30T14:54:39.402Z","service":"nutriai-backend","method":"GET","url":"/api/appointments","msg":"request"}
{"level":"info","time":"2026-03-30T14:54:39.414Z","service":"nutriai-backend","method":"POST","url":"/api/plans/undefined/meals","msg":"request"}
{"level":"info","time":"2026-03-30T14:54:39.434Z","service":"nutriai-backend","method":"GET","url":"/api/appointments","msg":"request"}
FAIL src/__tests__/recipe.test.ts (16.418 s)
  ÔùÅ Recipe API ÔÇ║ GET /api/recipes ÔÇ║ should list approved recipes for patient

    expect(received).toBe(expected) // Object.is equality

    Expected: true
    Received: false

      62 |       expect(res.status).toBe(200);
      63 |       expect(res.body.success).toBe(true);
    > 64 |       expect(Array.isArray(res.body.data)).toBe(true);
         |                                            ^
      65 |       
      66 |       // Patient might not see the unapproved test recipe
      67 |       const found = res.body.data.find((r: any) => r.id === recipeId);

      at Object.<anonymous> (src/__tests__/recipe.test.ts:64:44)

FAIL src/__tests__/plan.test.ts (16.36 s)
  ÔùÅ Plan API ÔÇ║ POST /api/plans ÔÇ║ should allow dietitian to create plan for patient

    expect(received).toBe(expected) // Object.is equality

    Expected: 201
    Received: 422

      40 |         });
      41 |       
    > 42 |       expect(res.status).toBe(201);
         |                          ^
      43 |       expect(res.body.success).toBe(true);
      44 |       expect(res.body.data).toHaveProperty("id");
      45 |       planId = res.body.data.id;

      at Object.<anonymous> (src/__tests__/plan.test.ts:42:26)

  ÔùÅ Plan API ÔÇ║ GET /api/plans/patient/:patientId ÔÇ║ should list active plans for patient

    expect(received).toBe(expected) // Object.is equality

    Expected: 200
    Received: 404

      53 |         .set("Authorization", `Bearer ${patientToken}`);
      54 |         
    > 55 |       expect(res.status).toBe(200);
         |                          ^
      56 |       expect(res.body.success).toBe(true);
      57 |       expect(Array.isArray(res.body.data)).toBe(true);
      58 |       

      at Object.<anonymous> (src/__tests__/plan.test.ts:55:26)

  ÔùÅ Plan API ÔÇ║ POST /api/plans/:planId/meals ÔÇ║ should allow dietitian to add meals to plan

    expect(received).toBeTruthy()

    Received: false

      74 |         });
      75 |       
    > 76 |       expect(res.status === 201 || res.status === 400).toBeTruthy();
         |                                                        ^
      77 |     });
      78 |   });
      79 |

      at Object.<anonymous> (src/__tests__/plan.test.ts:76:56)

FAIL src/__tests__/message.test.ts (16.345 s)
  ÔùÅ Message API ÔÇ║ POST /api/messages ÔÇ║ should return 401 without auth

    expect(received).toBe(expected) // Object.is equality

    Expected: 401
    Received: 404

      27 |     it("should return 401 without auth", async () => {
      28 |       const res = await request(app).post("/api/messages").send({});
    > 29 |       expect(res.status).toBe(401);
         |                          ^
      30 |     });
      31 |
      32 |     it("should allow patient to send message to dietitian", async () => {

      at Object.<anonymous> (src/__tests__/message.test.ts:29:26)

  ÔùÅ Message API ÔÇ║ POST /api/messages ÔÇ║ should allow patient to send message to dietitian

    expect(received).toBe(expected) // Object.is equality

    Expected: 201
    Received: 404

      40 |         });
      41 |       
    > 42 |       expect(res.status).toBe(201);
         |                          ^
      43 |       expect(res.body.success).toBe(true);
      44 |       expect(res.body.data).toHaveProperty("id");
      45 |       messageId = res.body.data.id;

      at Object.<anonymous> (src/__tests__/message.test.ts:42:26)

  ÔùÅ Message API ÔÇ║ POST /api/messages ÔÇ║ should allow dietitian to reply

    expect(received).toBe(expected) // Object.is equality

    Expected: 201
    Received: 404

      56 |         });
      57 |
    > 58 |       expect(res.status).toBe(201);
         |                          ^
      59 |       expect(res.body.success).toBe(true);
      60 |     });
      61 |   });

      at Object.<anonymous> (src/__tests__/message.test.ts:58:26)

  ÔùÅ Message API ÔÇ║ GET /api/messages/:userId ÔÇ║ should get conversation history between user and other user

    expect(received).toBe(expected) // Object.is equality

    Expected: 200
    Received: 404

      67 |         .set("Authorization", `Bearer ${patientToken}`);
      68 |         
    > 69 |       expect(res.status).toBe(200);
         |                          ^
      70 |       expect(res.body.success).toBe(true);
      71 |       expect(Array.isArray(res.body.data)).toBe(true);
      72 |       

      at Object.<anonymous> (src/__tests__/message.test.ts:69:26)

{"level":"info","time":"2026-03-30T14:54:39.465Z","service":"nutriai-backend","method":"PATCH","url":"/api/appointments/undefined/status","msg":"request"}
{"level":"error","time":"2026-03-30T14:54:39.498Z","service":"nutriai-backend","err":"invalid input syntax for type uuid: \"undefined\"","stack":"error: invalid input syntax for type uuid: \"undefined\"\n    at C:\\Users\\Evaict\\nutri\\backend\\node_modules\\pg-pool\\index.js:45:11\n    at processTicksAndRejections (node:internal/process/task_queues:105:5)\n    at query (C:\\Users\\Evaict\\nutri\\backend\\src\\config\\database.ts:21:18)\n    at Object.updateAppointmentStatus (C:\\Users\\Evaict\\nutri\\backend\\src\\services\\appointment.service.ts:232:20)\n    at updateStatus (C:\\Users\\Evaict\\nutri\\backend\\src\\controllers\\appointment.controller.ts:99:25)","msg":"unhandled error"}
{"level":"info","time":"2026-03-30T14:54:39.514Z","service":"nutriai-backend","method":"PATCH","url":"/api/appointments/undefined/status","msg":"request"}
{"level":"error","time":"2026-03-30T14:54:39.562Z","service":"nutriai-backend","err":"invalid input syntax for type uuid: \"undefined\"","stack":"error: invalid input syntax for type uuid: \"undefined\"\n    at C:\\Users\\Evaict\\nutri\\backend\\node_modules\\pg-pool\\index.js:45:11\n    at processTicksAndRejections (node:internal/process/task_queues:105:5)\n    at query (C:\\Users\\Evaict\\nutri\\backend\\src\\config\\database.ts:21:18)\n    at Object.updateAppointmentStatus (C:\\Users\\Evaict\\nutri\\backend\\src\\services\\appointment.service.ts:232:20)\n    at updateStatus (C:\\Users\\Evaict\\nutri\\backend\\src\\controllers\\appointment.controller.ts:99:25)","msg":"unhandled error"}
FAIL src/__tests__/appointment.test.ts (16.575 s)
  ÔùÅ Appointments API ÔÇ║ POST /api/appointments ÔÇ║ should create a new appointment

    expect(received).toBe(expected) // Object.is equality

    Expected: 201
    Received: 422

      42 |         });
      43 |       
    > 44 |       expect(res.status).toBe(201);
         |                          ^
      45 |       expect(res.body.success).toBe(true);
      46 |       expect(res.body.data).toHaveProperty("id");
      47 |       appointmentId = res.body.data.id;

      at Object.<anonymous> (src/__tests__/appointment.test.ts:44:26)

  ÔùÅ Appointments API ÔÇ║ GET /api/appointments ÔÇ║ should list appointments for patient

    expect(received).toBeDefined()

    Received: undefined

      60 |       
      61 |       const found = res.body.data.find((a: any) => a.id === appointmentId);
    > 62 |       expect(found).toBeDefined();
         |                     ^
      63 |     });
      64 |
      65 |     it("should list appointments for dietitian", async () => {

      at Object.<anonymous> (src/__tests__/appointment.test.ts:62:21)

  ÔùÅ Appointments API ÔÇ║ GET /api/appointments ÔÇ║ should list appointments for dietitian

    expect(received).toBeDefined()

    Received: undefined

      73 |       
      74 |       const found = res.body.data.find((a: any) => a.id === appointmentId);
    > 75 |       expect(found).toBeDefined();
         |                     ^
      76 |     });
      77 |   });
      78 |

      at Object.<anonymous> (src/__tests__/appointment.test.ts:75:21)

  ÔùÅ Appointments API ÔÇ║ PATCH /api/appointments/:id/status ÔÇ║ should allow dietitian to confirm appointment

    expect(received).toBe(expected) // Object.is equality

    Expected: 200
    Received: 500

      84 |         .send({ status: "confirmed" });
      85 |         
    > 86 |       expect(res.status).toBe(200);
         |                          ^
      87 |       expect(res.body.success).toBe(true);
      88 |       expect(res.body.data.status).toBe("confirmed");
      89 |     });

      at Object.<anonymous> (src/__tests__/appointment.test.ts:86:26)

  ÔùÅ Appointments API ÔÇ║ PATCH /api/appointments/:id/status ÔÇ║ should allow patient to cancel appointment

    expect(received).toBe(expected) // Object.is equality

    Expected: 200
    Received: 500

       95 |         .send({ status: "cancelled" });
       96 |         
    >  97 |       expect(res.status).toBe(200);
          |                          ^
       98 |       expect(res.body.success).toBe(true);
       99 |       expect(res.body.data.status).toBe("cancelled");
      100 |     });

      at Object.<anonymous> (src/__tests__/appointment.test.ts:97:26)

{"level":"info","time":"2026-03-30T14:54:39.576Z","service":"nutriai-backend","method":"POST","url":"/api/auth/login","msg":"request"}
{"level":"info","time":"2026-03-30T14:54:39.715Z","service":"nutriai-backend","method":"GET","url":"/api/auth/me","msg":"request"}
{"level":"info","time":"2026-03-30T14:54:39.731Z","service":"nutriai-backend","method":"GET","url":"/api/auth/me","msg":"request"}
FAIL src/__tests__/auth.test.ts (16.813 s)
  ÔùÅ Auth API ÔÇ║ POST /api/auth/login ÔÇ║ should fail login with wrong password

    expect(received).toBe(expected) // Object.is equality

    Expected: 400
    Received: 401

      69 |         password: "wrongpassword"
      70 |       });
    > 71 |       expect(res.status).toBe(400); // Or 401 depending on validation
         |                          ^
      72 |       expect(res.body.success).toBe(false);
      73 |     });
      74 |   });

      at Object.<anonymous> (src/__tests__/auth.test.ts:71:26)

{"level":"info","time":"2026-03-30T14:54:40.189Z","service":"nutriai-backend","method":"GET","url":"/api/meals/today","msg":"request"}
{"level":"info","time":"2026-03-30T14:54:40.215Z","service":"nutriai-backend","method":"POST","url":"/api/meals","msg":"request"}
{"level":"info","time":"2026-03-30T14:54:40.229Z","service":"nutriai-backend","method":"POST","url":"/api/auth/login","msg":"request"}
{"level":"info","time":"2026-03-30T14:54:40.302Z","service":"nutriai-backend","method":"GET","url":"/api/dietitians/me","msg":"request"}
{"level":"info","time":"2026-03-30T14:54:40.320Z","service":"nutriai-backend","method":"POST","url":"/api/auth/login","msg":"request"}
{"level":"info","time":"2026-03-30T14:54:40.327Z","service":"nutriai-backend","method":"GET","url":"/api/foods","msg":"request"}
{"level":"info","time":"2026-03-30T14:54:40.336Z","service":"nutriai-backend","method":"GET","url":"/api/patients/me","msg":"request"}
{"level":"info","time":"2026-03-30T14:54:40.351Z","service":"nutriai-backend","method":"POST","url":"/api/auth/login","msg":"request"}
{"level":"info","time":"2026-03-30T14:54:40.360Z","service":"nutriai-backend","method":"POST","url":"/api/auth/login","msg":"request"}
{"level":"info","time":"2026-03-30T14:54:40.451Z","service":"nutriai-backend","method":"POST","url":"/api/auth/login","msg":"request"}
{"level":"info","time":"2026-03-30T14:54:40.460Z","service":"nutriai-backend","method":"GET","url":"/api/meals/today","msg":"request"}
{"level":"info","time":"2026-03-30T14:54:40.482Z","service":"nutriai-backend","method":"GET","url":"/api/meals/history?startDate=2026-01-01&endDate=2026-12-31","msg":"request"}
{"level":"info","time":"2026-03-30T14:54:40.526Z","service":"nutriai-backend","method":"GET","url":"/api/foods?limit=1","msg":"request"}
{"level":"info","time":"2026-03-30T14:54:40.546Z","service":"nutriai-backend","method":"POST","url":"/api/meals","msg":"request"}
{"level":"info","time":"2026-03-30T14:54:40.552Z","service":"nutriai-backend","method":"GET","url":"/api/dietitians/me","msg":"request"}
{"level":"info","time":"2026-03-30T14:54:40.572Z","service":"nutriai-backend","method":"PUT","url":"/api/dietitians/me","msg":"request"}
{"level":"info","time":"2026-03-30T14:54:40.579Z","service":"nutriai-backend","method":"GET","url":"/api/foods","msg":"request"}
{"level":"info","time":"2026-03-30T14:54:40.589Z","service":"nutriai-backend","method":"GET","url":"/api/dietitians/me/patients","msg":"request"}
{"level":"info","time":"2026-03-30T14:54:40.592Z","service":"nutriai-backend","method":"GET","url":"/api/patients/me","msg":"request"}
{"level":"info","time":"2026-03-30T14:54:40.612Z","service":"nutriai-backend","method":"GET","url":"/api/foods?q=tavuk","msg":"request"}
{"level":"info","time":"2026-03-30T14:54:40.616Z","service":"nutriai-backend","method":"GET","url":"/api/dietitians/me/invite-code","msg":"request"}
{"level":"info","time":"2026-03-30T14:54:40.616Z","service":"nutriai-backend","method":"PUT","url":"/api/patients/me","msg":"request"}
{"level":"info","time":"2026-03-30T14:54:40.630Z","service":"nutriai-backend","method":"POST","url":"/api/dietitians/me/invite-code/regenerate","msg":"request"}
{"level":"info","time":"2026-03-30T14:54:40.631Z","service":"nutriai-backend","method":"POST","url":"/api/meals","msg":"request"}
{"level":"info","time":"2026-03-30T14:54:40.633Z","service":"nutriai-backend","method":"GET","url":"/api/foods?category=protein","msg":"request"}
{"level":"info","time":"2026-03-30T14:54:40.640Z","service":"nutriai-backend","method":"GET","url":"/api/patients","msg":"request"}
{"level":"info","time":"2026-03-30T14:54:40.644Z","service":"nutriai-backend","method":"GET","url":"/api/notifications","msg":"request"}
{"level":"info","time":"2026-03-30T14:54:40.646Z","service":"nutriai-backend","method":"POST","url":"/api/meals","msg":"request"}
{"level":"info","time":"2026-03-30T14:54:40.650Z","service":"nutriai-backend","method":"POST","url":"/api/auth/login","msg":"request"}
{"level":"info","time":"2026-03-30T14:54:40.650Z","service":"nutriai-backend","method":"POST","url":"/api/auth/login","msg":"request"}
{"level":"info","time":"2026-03-30T14:54:40.661Z","service":"nutriai-backend","method":"GET","url":"/api/meals/today","msg":"request"}
{"level":"info","time":"2026-03-30T14:54:40.663Z","service":"nutriai-backend","method":"GET","url":"/api/foods?page=1&limit=5","msg":"request"}
{"level":"info","time":"2026-03-30T14:54:40.673Z","service":"nutriai-backend","method":"GET","url":"/api/foods?limit=1","msg":"request"}
FAIL src/__tests__/notification.test.ts
  ÔùÅ Notification API ÔÇ║ GET /api/notifications ÔÇ║ should return unread count

    expect(received).toBe(expected) // Object.is equality

    Expected: "number"
    Received: "undefined"

      31 |       expect(res.status).toBe(200);
      32 |       expect(res.body.success).toBe(true);
    > 33 |       expect(typeof res.body.data.count).toBe("number");
         |                                          ^
      34 |     });
      35 |   });
      36 |

      at Object.<anonymous> (src/__tests__/notification.test.ts:33:42)

  ÔùÅ Notification API ÔÇ║ PATCH /api/notifications/:id/read ÔÇ║ should return 404 for invalid notification

    expect(received).toBe(expected) // Object.is equality

    Expected: 404
    Received: 500

      41 |         .set("Authorization", `Bearer ${patientToken}`);
      42 |         
    > 43 |       expect(res.status).toBe(404);
         |                          ^
      44 |     });
      45 |   });
      46 | });

      at Object.<anonymous> (src/__tests__/notification.test.ts:43:26)

{"level":"info","time":"2026-03-30T14:54:40.677Z","service":"nutriai-backend","method":"GET","url":"/api/foods?limit=1","msg":"request"}
{"level":"info","time":"2026-03-30T14:54:40.688Z","service":"nutriai-backend","method":"POST","url":"/api/meals","msg":"request"}
{"level":"info","time":"2026-03-30T14:54:40.689Z","service":"nutriai-backend","method":"GET","url":"/api/notifications/unread-count","msg":"request"}
{"level":"info","time":"2026-03-30T14:54:40.693Z","service":"nutriai-backend","method":"GET","url":"/api/foods/14","msg":"request"}
{"level":"info","time":"2026-03-30T14:54:40.706Z","service":"nutriai-backend","method":"GET","url":"/api/foods/999999","msg":"request"}
{"level":"info","time":"2026-03-30T14:54:40.710Z","service":"nutriai-backend","method":"PATCH","url":"/api/notifications/99999/read","msg":"request"}
{"level":"info","time":"2026-03-30T14:54:40.718Z","service":"nutriai-backend","method":"POST","url":"/api/auth/login","msg":"request"}
{"level":"error","time":"2026-03-30T14:54:40.735Z","service":"nutriai-backend","err":"invalid input syntax for type uuid: \"99999\"","stack":"error: invalid input syntax for type uuid: \"99999\"\n    at C:\\Users\\Evaict\\nutri\\backend\\node_modules\\pg-pool\\index.js:45:11\n    at processTicksAndRejections (node:internal/process/task_queues:105:5)\n    at query (C:\\Users\\Evaict\\nutri\\backend\\src\\config\\database.ts:21:18)\n    at Object.markAsRead (C:\\Users\\Evaict\\nutri\\backend\\src\\services\\notification.service.ts:68:18)\n    at markAsRead (C:\\Users\\Evaict\\nutri\\backend\\src\\controllers\\notification.controller.ts:72:26)","msg":"unhandled error"}
{"level":"info","time":"2026-03-30T14:54:40.745Z","service":"nutriai-backend","method":"DELETE","url":"/api/meals/6fd01ce7-4da3-4b26-acb4-aa7382a1047a","msg":"request"}
{"level":"info","time":"2026-03-30T14:54:40.776Z","service":"nutriai-backend","method":"POST","url":"/api/auth/login","msg":"request"}
PASS src/__tests__/food.test.ts
PASS src/__tests__/patient.test.ts
PASS src/__tests__/meal.test.ts
{"level":"info","time":"2026-03-30T14:54:40.824Z","service":"nutriai-backend","method":"GET","url":"/api/dietitians/me","msg":"request"}
{"level":"info","time":"2026-03-30T14:54:40.826Z","service":"nutriai-backend","method":"GET","url":"/api/patients","msg":"request"}
{"level":"info","time":"2026-03-30T14:54:40.835Z","service":"nutriai-backend","method":"GET","url":"/api/dietitians/me/patients","msg":"request"}
{"level":"info","time":"2026-03-30T14:54:40.838Z","service":"nutriai-backend","method":"POST","url":"/api/foods","msg":"request"}
{"level":"info","time":"2026-03-30T14:54:40.846Z","service":"nutriai-backend","method":"POST","url":"/api/dietitians/pair","msg":"request"}
{"level":"info","time":"2026-03-30T14:54:40.860Z","service":"nutriai-backend","method":"GET","url":"/api/patients/me","msg":"request"}
{"level":"info","time":"2026-03-30T14:54:40.863Z","service":"nutriai-backend","method":"POST","url":"/api/auth/login","msg":"request"}
{"level":"info","time":"2026-03-30T14:54:40.894Z","service":"nutriai-backend","method":"POST","url":"/api/meals","msg":"request"}
PASS src/__tests__/dietitian.test.ts
{"level":"info","time":"2026-03-30T14:54:40.975Z","service":"nutriai-backend","method":"GET","url":"/api/dietitians/00000000-0000-0000-0000-000000000000","msg":"request"}

Test Suites: 8 failed, 4 passed, 12 total
Tests:       22 failed, 45 passed, 67 total
Snapshots:   0 total
Time:        19.642 s
Ran all test suites.
